Rebuild: MAX_JOBS=2, FLASH_ATTN_CUDA_ARCHS=80 (cgroup cap ~46.6GB)
Collecting flash-attn==2.8.3
  Downloading flash_attn-2.8.3.tar.gz (8.4 MB)
     ━━━━━━━━━━━━━━━━━━━━━━━━━━━━━━━━━━━━━━━━ 8.4/8.4 MB 155.4 MB/s  0:00:00
  Preparing metadata (pyproject.toml): started
  Preparing metadata (pyproject.toml): finished with status 'done'
Requirement already satisfied: torch in /root/miniconda3/envs/wan/lib/python3.11/site-packages (from flash-attn==2.8.3) (2.6.0+cu124)
Requirement already satisfied: einops in /root/miniconda3/envs/wan/lib/python3.11/site-packages (from flash-attn==2.8.3) (0.8.2)
Requirement already satisfied: filelock in /root/miniconda3/envs/wan/lib/python3.11/site-packages (from torch->flash-attn==2.8.3) (3.29.3)
Requirement already satisfied: typing-extensions>=4.10.0 in /root/miniconda3/envs/wan/lib/python3.11/site-packages (from torch->flash-attn==2.8.3) (4.15.0)
Requirement already satisfied: networkx in /root/miniconda3/envs/wan/lib/python3.11/site-packages (from torch->flash-attn==2.8.3) (3.6.1)
Requirement already satisfied: jinja2 in /root/miniconda3/envs/wan/lib/python3.11/site-packages (from torch->flash-attn==2.8.3) (3.1.6)
Requirement already satisfied: fsspec in /root/miniconda3/envs/wan/lib/python3.11/site-packages (from torch->flash-attn==2.8.3) (2026.4.0)
Requirement already satisfied: nvidia-cuda-nvrtc-cu12==12.4.127 in /root/miniconda3/envs/wan/lib/python3.11/site-packages (from torch->flash-attn==2.8.3) (12.4.127)
Requirement already satisfied: nvidia-cuda-runtime-cu12==12.4.127 in /root/miniconda3/envs/wan/lib/python3.11/site-packages (from torch->flash-attn==2.8.3) (12.4.127)
Requirement already satisfied: nvidia-cuda-cupti-cu12==12.4.127 in /root/miniconda3/envs/wan/lib/python3.11/site-packages (from torch->flash-attn==2.8.3) (12.4.127)
Requirement already satisfied: nvidia-cudnn-cu12==9.1.0.70 in /root/miniconda3/envs/wan/lib/python3.11/site-packages (from torch->flash-attn==2.8.3) (9.1.0.70)
Requirement already satisfied: nvidia-cublas-cu12==12.4.5.8 in /root/miniconda3/envs/wan/lib/python3.11/site-packages (from torch->flash-attn==2.8.3) (12.4.5.8)
Requirement already satisfied: nvidia-cufft-cu12==11.2.1.3 in /root/miniconda3/envs/wan/lib/python3.11/site-packages (from torch->flash-attn==2.8.3) (11.2.1.3)
Requirement already satisfied: nvidia-curand-cu12==10.3.5.147 in /root/miniconda3/envs/wan/lib/python3.11/site-packages (from torch->flash-attn==2.8.3) (10.3.5.147)
Requirement already satisfied: nvidia-cusolver-cu12==11.6.1.9 in /root/miniconda3/envs/wan/lib/python3.11/site-packages (from torch->flash-attn==2.8.3) (11.6.1.9)
Requirement already satisfied: nvidia-cusparse-cu12==12.3.1.170 in /root/miniconda3/envs/wan/lib/python3.11/site-packages (from torch->flash-attn==2.8.3) (12.3.1.170)
Requirement already satisfied: nvidia-cusparselt-cu12==0.6.2 in /root/miniconda3/envs/wan/lib/python3.11/site-packages (from torch->flash-attn==2.8.3) (0.6.2)
Requirement already satisfied: nvidia-nccl-cu12==2.21.5 in /root/miniconda3/envs/wan/lib/python3.11/site-packages (from torch->flash-attn==2.8.3) (2.21.5)
Requirement already satisfied: nvidia-nvtx-cu12==12.4.127 in /root/miniconda3/envs/wan/lib/python3.11/site-packages (from torch->flash-attn==2.8.3) (12.4.127)
Requirement already satisfied: nvidia-nvjitlink-cu12==12.4.127 in /root/miniconda3/envs/wan/lib/python3.11/site-packages (from torch->flash-attn==2.8.3) (12.4.127)
Requirement already satisfied: triton==3.2.0 in /root/miniconda3/envs/wan/lib/python3.11/site-packages (from torch->flash-attn==2.8.3) (3.2.0)
Requirement already satisfied: sympy==1.13.1 in /root/miniconda3/envs/wan/lib/python3.11/site-packages (from torch->flash-attn==2.8.3) (1.13.1)
Requirement already satisfied: mpmath<1.4,>=1.1.0 in /root/miniconda3/envs/wan/lib/python3.11/site-packages (from sympy==1.13.1->torch->flash-attn==2.8.3) (1.3.0)
Requirement already satisfied: MarkupSafe>=2.0 in /root/miniconda3/envs/wan/lib/python3.11/site-packages (from jinja2->torch->flash-attn==2.8.3) (3.0.3)
Building wheels for collected packages: flash-attn
  Building wheel for flash-attn (pyproject.toml): started
  Building wheel for flash-attn (pyproject.toml): still running...
  Building wheel for flash-attn (pyproject.toml): still running...
  Building wheel for flash-attn (pyproject.toml): still running...
  Building wheel for flash-attn (pyproject.toml): still running...
  Building wheel for flash-attn (pyproject.toml): still running...
  Building wheel for flash-attn (pyproject.toml): still running...
  Building wheel for flash-attn (pyproject.toml): still running...
  Building wheel for flash-attn (pyproject.toml): still running...
  Building wheel for flash-attn (pyproject.toml): still running...
  Building wheel for flash-attn (pyproject.toml): still running...
  Building wheel for flash-attn (pyproject.toml): still running...
  Building wheel for flash-attn (pyproject.toml): still running...
  Building wheel for flash-attn (pyproject.toml): still running...
  Building wheel for flash-attn (pyproject.toml): still running...
  Building wheel for flash-attn (pyproject.toml): still running...
  Building wheel for flash-attn (pyproject.toml): still running...
  Building wheel for flash-attn (pyproject.toml): still running...
  Building wheel for flash-attn (pyproject.toml): still running...
  Building wheel for flash-attn (pyproject.toml): still running...
  Building wheel for flash-attn (pyproject.toml): still running...
  Building wheel for flash-attn (pyproject.toml): still running...
  Building wheel for flash-attn (pyproject.toml): still running...
  Building wheel for flash-attn (pyproject.toml): still running...
  Building wheel for flash-attn (pyproject.toml): still running...
  Building wheel for flash-attn (pyproject.toml): still running...
  Building wheel for flash-attn (pyproject.toml): still running...
  Building wheel for flash-attn (pyproject.toml): still running...
  Building wheel for flash-attn (pyproject.toml): still running...
  Building wheel for flash-attn (pyproject.toml): still running...
  Building wheel for flash-attn (pyproject.toml): still running...
  Building wheel for flash-attn (pyproject.toml): still running...
  Building wheel for flash-attn (pyproject.toml): still running...
  Building wheel for flash-attn (pyproject.toml): still running...
  Building wheel for flash-attn (pyproject.toml): still running...
  Building wheel for flash-attn (pyproject.toml): still running...
  Building wheel for flash-attn (pyproject.toml): still running...
  Building wheel for flash-attn (pyproject.toml): still running...
  Building wheel for flash-attn (pyproject.toml): still running...
  Building wheel for flash-attn (pyproject.toml): still running...
  Building wheel for flash-attn (pyproject.toml): still running...
  Building wheel for flash-attn (pyproject.toml): still running...
  Building wheel for flash-attn (pyproject.toml): still running...
  Building wheel for flash-attn (pyproject.toml): still running...
  Building wheel for flash-attn (pyproject.toml): still running...
  Building wheel for flash-attn (pyproject.toml): still running...
  Building wheel for flash-attn (pyproject.toml): still running...
  Building wheel for flash-attn (pyproject.toml): still running...
  Building wheel for flash-attn (pyproject.toml): still running...
  Building wheel for flash-attn (pyproject.toml): still running...
  Building wheel for flash-attn (pyproject.toml): still running...
  Building wheel for flash-attn (pyproject.toml): still running...
  Building wheel for flash-attn (pyproject.toml): still running...
  Building wheel for flash-attn (pyproject.toml): still running...
  Building wheel for flash-attn (pyproject.toml): still running...
  Building wheel for flash-attn (pyproject.toml): still running...
  Building wheel for flash-attn (pyproject.toml): still running...
  Building wheel for flash-attn (pyproject.toml): still running...
  Building wheel for flash-attn (pyproject.toml): still running...
  Building wheel for flash-attn (pyproject.toml): still running...
  Building wheel for flash-attn (pyproject.toml): still running...
  Building wheel for flash-attn (pyproject.toml): still running...
  Building wheel for flash-attn (pyproject.toml): still running...
  Building wheel for flash-attn (pyproject.toml): still running...
  Building wheel for flash-attn (pyproject.toml): still running...
  Building wheel for flash-attn (pyproject.toml): still running...
  Building wheel for flash-attn (pyproject.toml): still running...
  Building wheel for flash-attn (pyproject.toml): still running...
  Building wheel for flash-attn (pyproject.toml): still running...
  Building wheel for flash-attn (pyproject.toml): still running...
  Building wheel for flash-attn (pyproject.toml): still running...
  Building wheel for flash-attn (pyproject.toml): still running...
  Building wheel for flash-attn (pyproject.toml): still running...
  Building wheel for flash-attn (pyproject.toml): finished with status 'done'
  Created wheel for flash-attn: filename=flash_attn-2.8.3-cp311-cp311-linux_x86_64.whl size=56511914 sha256=e0f58942bce08c460babede05b6af31909c6104dd0107c266e35eb1032d3b476
  Stored in directory: /tmp/pip-ephem-wheel-cache-ehqsh8hq/wheels/42/31/1f/4b22dd7295b3cb064b8fa9038f6d58fb15c9571555b2d7c39c
Successfully built flash-attn
Installing collected packages: flash-attn
Successfully installed flash-attn-2.8.3
WARNING: Running pip as the 'root' user can result in broken permissions and conflicting behaviour with the system package manager, possibly rendering your system unusable. It is recommended to use a virtual environment instead: https://pip.pypa.io/warnings/venv. Use the --root-user-action option if you know what you are doing and want to suppress this warning.
PIP_EXIT=0
